-------------------------------------------------------------
 
POLABER - A PROGRAM FOR ATOMIC POLARIZABILITY  CALCULATIONS
 
Anna Krawczuk; Daniel Perez; Piero Macchi (C)
University of Bern
Version 1.0 January 2014
 
-------------------------------------------------------------
ATOMIC UNITS (A.U.) USED, EXCEPT WHERE STATED OTHERWISE
  
  
------------------------------------------------------------
  
WORKING ON: zero.sum                                                                                                                                                                                                                                                       
  
ATOMIC COORDINATES (ORTHOGONAL SYSTEM)
-----------------------------------------------------
symbol          x             y              z
-----------------------------------------------------
C1         0.00000000     0.00000000     1.13026788
C2         0.00000000     0.00000000    -1.13026788
H3         0.00000000     0.00000000    -3.13613091
H4         0.00000000     0.00000000     3.13613091
-----------------------------------------------------
  
 NUMBER OF ATOMS:            4
  
ATOMIC NET CHARGES
----------------------
symbol         q(A)  
----------------------
C1        -0.12890589
C2        -0.12890589
H3         0.12843807
H4         0.12843807
----------------------
  
BOND CRITICAL POINTS
---------------------
 rho - Electron density (EF=0)
 delrho - Laplacian of electron density (EF=0)
 elips - Bond ellipticity (EF=0)
  
--------------------------------------------------------------------------------------------------------
BCP              x              y              z              rho            delrho         ellipticity
--------------------------------------------------------------------------------------------------------
C1    C2         0.00000000     0.00000000    -0.00000000     0.42420053    -1.38792950     0.00000000
C2    H3        -0.00000000    -0.00000000    -2.43660827     0.29628004    -1.17021396     0.00000000
H4    C1        -0.00000000     0.00000000     2.43660827     0.29628004    -1.17021396     0.00000000
--------------------------------------------------------------------------------------------------------
  
POLARIZATION COMPONENTS OF ATOMIC DIPOLE MOMENTS
---------------------------------------------------
 symbol    x              y              z
-------------------------------------------------
C1        -0.00000000     0.00000000    -0.14290925
C2         0.00000000     0.00000000     0.14290925
H3        -0.00000000    -0.00000000     0.11576467
H4        -0.00000000    -0.00000000    -0.11576467
---------------------------------------------------
  
  
WEIGHT COEFFICIENTS: RHO(A)/SUM(RHO(A)
----------------------------
BCP              weight
----------------------------
C1    C2         2.35737567
C2    H3         3.37518523
H4    C1         3.37518523
----------------------------
  
  
  
BOND CHARGES
-------------
C1  -C2   -0.00000000
C2  -H3   -0.12867198
H4  -C1    0.12867198
  
BOND DIPOLE MOMENTS
---------------------------------------------------
symbol          x             y              z
---------------------------------------------------
C1        -0.00000000     0.00000000     0.16808940
C2        -0.00000000    -0.00000000    -0.16808940
H3         0.00000000     0.00000000    -0.09000896
H4         0.00000000    -0.00000000     0.09000896
---------------------------------------------------
  
TOTAL ATOMIC DIPOLE MOMENTS
---------------------------------------------------
symbol                x          y              z
---------------------------------------------------
C1            -0.0000         0.0000         0.0252
C2             0.0000         0.0000        -0.0252
H3            -0.0000        -0.0000         0.0258
H4            -0.0000        -0.0000        -0.0258
---------------------------------------------------
  
TOTAL MOLECULAR DIPOLE MOMENT
---------------------------------------------------
            x              y              z
---------------------------------------------------
        -0.0000         0.0000        -0.0000
---------------------------------------------------
  
  
------------------------------------------------------------
  
WORKING ON: xp.sum                                                                                                                                                                                                                                                         
  
ATOMIC COORDINATES (ORTHOGONAL SYSTEM)
-----------------------------------------------------
symbol          x             y              z
-----------------------------------------------------
C1         0.00000000     0.00000000     1.13026788
C2         0.00000000     0.00000000    -1.13026788
H3         0.00000000     0.00000000    -3.13613091
H4         0.00000000     0.00000000     3.13613091
-----------------------------------------------------
  
 NUMBER OF ATOMS:            4
  
ATOMIC NET CHARGES
----------------------
symbol         q(A)  
----------------------
C1        -0.12901010
C2        -0.12901010
H3         0.12852283
H4         0.12852283
----------------------
  
BOND CRITICAL POINTS
---------------------
 rho - Electron density (EF=0)
 delrho - Laplacian of electron density (EF=0)
 elips - Bond ellipticity (EF=0)
  
--------------------------------------------------------------------------------------------------------
BCP              x              y              z              rho            delrho         ellipticity
--------------------------------------------------------------------------------------------------------
C1    C2        -0.00258709    -0.00000000     0.00000000     0.42422779    -1.38833678     0.00038097
C2    H3         0.00085954    -0.00000000    -2.43664824     0.29628103    -1.17027606     0.00002267
H4    C1         0.00085954    -0.00000000     2.43664824     0.29628103    -1.17027606     0.00002267
--------------------------------------------------------------------------------------------------------
  
POLARIZATION COMPONENTS OF ATOMIC DIPOLE MOMENTS
---------------------------------------------------
 symbol    x              y              z
-------------------------------------------------
C1        -0.03608362    -0.00000001    -0.14319107
C2        -0.03608362    -0.00000001     0.14319107
H3        -0.00394562    -0.00000000     0.11578620
H4        -0.00394562    -0.00000000    -0.11578620
---------------------------------------------------
  
  
WEIGHT COEFFICIENTS: RHO(A)/SUM(RHO(A)
----------------------------
BCP              weight
----------------------------
C1    C2         2.35722416
C2    H3         3.37517393
H4    C1         3.37517393
----------------------------
  
  
  
BOND CHARGES
-------------
C1  -C2    0.00000000
C2  -H3   -0.12876646
H4  -C1    0.12876646
  
BOND DIPOLE MOMENTS
---------------------------------------------------
symbol          x             y              z
---------------------------------------------------
C1         0.00011068    -0.00000000     0.16821798
C2         0.00011068    -0.00000000    -0.16821798
H3        -0.00011068     0.00000000    -0.09006991
H4        -0.00011068     0.00000000     0.09006991
---------------------------------------------------
  
TOTAL ATOMIC DIPOLE MOMENTS
---------------------------------------------------
symbol                x          y              z
---------------------------------------------------
C1            -0.0360        -0.0000         0.0250
C2            -0.0360        -0.0000        -0.0250
H3            -0.0041        -0.0000         0.0257
H4            -0.0041        -0.0000        -0.0257
---------------------------------------------------
  
TOTAL MOLECULAR DIPOLE MOMENT
---------------------------------------------------
            x              y              z
---------------------------------------------------
        -0.0801        -0.0000         0.0000
---------------------------------------------------
  
  
------------------------------------------------------------
  
WORKING ON: xm.sum                                                                                                                                                                                                                                                         
  
ATOMIC COORDINATES (ORTHOGONAL SYSTEM)
-----------------------------------------------------
symbol          x             y              z
-----------------------------------------------------
C1         0.00000000     0.00000000     1.13026788
C2         0.00000000     0.00000000    -1.13026788
H3         0.00000000     0.00000000    -3.13613091
H4         0.00000000     0.00000000     3.13613091
-----------------------------------------------------
  
 NUMBER OF ATOMS:            4
  
ATOMIC NET CHARGES
----------------------
symbol         q(A)  
----------------------
C1        -0.12901006
C2        -0.12901006
H3         0.12852284
H4         0.12852284
----------------------
  
BOND CRITICAL POINTS
---------------------
 rho - Electron density (EF=0)
 delrho - Laplacian of electron density (EF=0)
 elips - Bond ellipticity (EF=0)
  
--------------------------------------------------------------------------------------------------------
BCP              x              y              z              rho            delrho         ellipticity
--------------------------------------------------------------------------------------------------------
C1    C2         0.00258709    -0.00000000     0.00000000     0.42422779    -1.38833678     0.00038097
C2    H3        -0.00085954    -0.00000000    -2.43664824     0.29628103    -1.17027606     0.00002267
H4    C1        -0.00085954    -0.00000000     2.43664824     0.29628103    -1.17027606     0.00002267
--------------------------------------------------------------------------------------------------------
  
POLARIZATION COMPONENTS OF ATOMIC DIPOLE MOMENTS
---------------------------------------------------
 symbol    x              y              z
-------------------------------------------------
C1         0.03608333     0.00000001    -0.14319081
C2         0.03608333     0.00000001     0.14319081
H3         0.00394562     0.00000000     0.11578621
H4         0.00394562     0.00000000    -0.11578621
---------------------------------------------------
  
  
WEIGHT COEFFICIENTS: RHO(A)/SUM(RHO(A)
----------------------------
BCP              weight
----------------------------
C1    C2         2.35722416
C2    H3         3.37517393
H4    C1         3.37517393
----------------------------
  
  
  
BOND CHARGES
-------------
C1  -C2    0.00000000
C2  -H3   -0.12876645
H4  -C1    0.12876645
  
BOND DIPOLE MOMENTS
---------------------------------------------------
symbol          x             y              z
---------------------------------------------------
C1        -0.00011068    -0.00000000     0.16821796
C2        -0.00011068    -0.00000000    -0.16821796
H3         0.00011068     0.00000000    -0.09006990
H4         0.00011068     0.00000000     0.09006990
---------------------------------------------------
  
TOTAL ATOMIC DIPOLE MOMENTS
---------------------------------------------------
symbol                x          y              z
---------------------------------------------------
C1             0.0360         0.0000         0.0250
C2             0.0360         0.0000        -0.0250
H3             0.0041         0.0000         0.0257
H4             0.0041         0.0000        -0.0257
---------------------------------------------------
  
TOTAL MOLECULAR DIPOLE MOMENT
---------------------------------------------------
            x              y              z
---------------------------------------------------
         0.0801         0.0000        -0.0000
---------------------------------------------------
  
  
------------------------------------------------------------
  
WORKING ON: yp.sum                                                                                                                                                                                                                                                         
  
ATOMIC COORDINATES (ORTHOGONAL SYSTEM)
-----------------------------------------------------
symbol          x             y              z
-----------------------------------------------------
C1         0.00000000     0.00000000     1.13026788
C2         0.00000000     0.00000000    -1.13026788
H3         0.00000000     0.00000000    -3.13613091
H4         0.00000000     0.00000000     3.13613091
-----------------------------------------------------
  
 NUMBER OF ATOMS:            4
  
ATOMIC NET CHARGES
----------------------
symbol         q(A)  
----------------------
C1        -0.12901010
C2        -0.12901010
H3         0.12852283
H4         0.12852283
----------------------
  
BOND CRITICAL POINTS
---------------------
 rho - Electron density (EF=0)
 delrho - Laplacian of electron density (EF=0)
 elips - Bond ellipticity (EF=0)
  
--------------------------------------------------------------------------------------------------------
BCP              x              y              z              rho            delrho         ellipticity
--------------------------------------------------------------------------------------------------------
C1    C2         0.00000000    -0.00258709     0.00000000     0.42422779    -1.38833678     0.00038097
C2    H3        -0.00000000     0.00085954    -2.43664824     0.29628103    -1.17027606     0.00002267
H4    C1        -0.00000000     0.00085954     2.43664824     0.29628103    -1.17027606     0.00002267
--------------------------------------------------------------------------------------------------------
  
POLARIZATION COMPONENTS OF ATOMIC DIPOLE MOMENTS
---------------------------------------------------
 symbol    x              y              z
-------------------------------------------------
C1        -0.00000001    -0.03608362    -0.14319107
C2        -0.00000001    -0.03608362     0.14319107
H3        -0.00000000    -0.00394562     0.11578620
H4        -0.00000000    -0.00394562    -0.11578620
---------------------------------------------------
  
  
WEIGHT COEFFICIENTS: RHO(A)/SUM(RHO(A)
----------------------------
BCP              weight
----------------------------
C1    C2         2.35722416
C2    H3         3.37517393
H4    C1         3.37517393
----------------------------
  
  
  
BOND CHARGES
-------------
C1  -C2    0.00000000
C2  -H3   -0.12876646
H4  -C1    0.12876646
  
BOND DIPOLE MOMENTS
---------------------------------------------------
symbol          x             y              z
---------------------------------------------------
C1        -0.00000000     0.00011068     0.16821798
C2        -0.00000000     0.00011068    -0.16821798
H3         0.00000000    -0.00011068    -0.09006991
H4         0.00000000    -0.00011068     0.09006991
---------------------------------------------------
  
TOTAL ATOMIC DIPOLE MOMENTS
---------------------------------------------------
symbol                x          y              z
---------------------------------------------------
C1            -0.0000        -0.0360         0.0250
C2            -0.0000        -0.0360        -0.0250
H3            -0.0000        -0.0041         0.0257
H4            -0.0000        -0.0041        -0.0257
---------------------------------------------------
  
TOTAL MOLECULAR DIPOLE MOMENT
---------------------------------------------------
            x              y              z
---------------------------------------------------
        -0.0000        -0.0801         0.0000
---------------------------------------------------
  
  
------------------------------------------------------------
  
WORKING ON: ym.sum                                                                                                                                                                                                                                                         
  
ATOMIC COORDINATES (ORTHOGONAL SYSTEM)
-----------------------------------------------------
symbol          x             y              z
-----------------------------------------------------
C1         0.00000000     0.00000000     1.13026788
C2         0.00000000     0.00000000    -1.13026788
H3         0.00000000     0.00000000    -3.13613091
H4         0.00000000     0.00000000     3.13613091
-----------------------------------------------------
  
 NUMBER OF ATOMS:            4
  
ATOMIC NET CHARGES
----------------------
symbol         q(A)  
----------------------
C1        -0.12901006
C2        -0.12901006
H3         0.12852284
H4         0.12852284
----------------------
  
BOND CRITICAL POINTS
---------------------
 rho - Electron density (EF=0)
 delrho - Laplacian of electron density (EF=0)
 elips - Bond ellipticity (EF=0)
  
--------------------------------------------------------------------------------------------------------
BCP              x              y              z              rho            delrho         ellipticity
--------------------------------------------------------------------------------------------------------
C1    C2         0.00000000     0.00258709    -0.00000000     0.42422779    -1.38833678     0.00038097
C2    H3        -0.00000000    -0.00085954    -2.43664824     0.29628103    -1.17027606     0.00002267
H4    C1         0.00000000    -0.00085954     2.43664824     0.29628103    -1.17027606     0.00002267
--------------------------------------------------------------------------------------------------------
  
POLARIZATION COMPONENTS OF ATOMIC DIPOLE MOMENTS
---------------------------------------------------
 symbol    x              y              z
-------------------------------------------------
C1         0.00000001     0.03608333    -0.14319081
C2         0.00000001     0.03608333     0.14319081
H3         0.00000000     0.00394562     0.11578621
H4         0.00000000     0.00394562    -0.11578621
---------------------------------------------------
  
  
WEIGHT COEFFICIENTS: RHO(A)/SUM(RHO(A)
----------------------------
BCP              weight
----------------------------
C1    C2         2.35722416
C2    H3         3.37517393
H4    C1         3.37517393
----------------------------
  
  
  
BOND CHARGES
-------------
C1  -C2   -0.00000000
C2  -H3   -0.12876645
H4  -C1    0.12876645
  
BOND DIPOLE MOMENTS
---------------------------------------------------
symbol          x             y              z
---------------------------------------------------
C1         0.00000000    -0.00011068     0.16821796
C2        -0.00000000    -0.00011068    -0.16821796
H3         0.00000000     0.00011068    -0.09006990
H4        -0.00000000     0.00011068     0.09006990
---------------------------------------------------
  
TOTAL ATOMIC DIPOLE MOMENTS
---------------------------------------------------
symbol                x          y              z
---------------------------------------------------
C1             0.0000         0.0360         0.0250
C2             0.0000         0.0360        -0.0250
H3             0.0000         0.0041         0.0257
H4             0.0000         0.0041        -0.0257
---------------------------------------------------
  
TOTAL MOLECULAR DIPOLE MOMENT
---------------------------------------------------
            x              y              z
---------------------------------------------------
         0.0000         0.0801        -0.0000
---------------------------------------------------
  
  
------------------------------------------------------------
  
WORKING ON: zp.sum                                                                                                                                                                                                                                                         
  
ATOMIC COORDINATES (ORTHOGONAL SYSTEM)
-----------------------------------------------------
symbol          x             y              z
-----------------------------------------------------
C1         0.00000000     0.00000000     1.13026788
C2         0.00000000     0.00000000    -1.13026788
H3         0.00000000     0.00000000    -3.13613091
H4         0.00000000     0.00000000     3.13613091
-----------------------------------------------------
  
 NUMBER OF ATOMS:            4
  
ATOMIC NET CHARGES
----------------------
symbol         q(A)  
----------------------
C1        -0.13279020
C2        -0.12449644
H3         0.15029329
H4         0.10638088
----------------------
  
BOND CRITICAL POINTS
---------------------
 rho - Electron density (EF=0)
 delrho - Laplacian of electron density (EF=0)
 elips - Bond ellipticity (EF=0)
  
--------------------------------------------------------------------------------------------------------
BCP              x              y              z              rho            delrho         ellipticity
--------------------------------------------------------------------------------------------------------
C1    C2        -0.00000000     0.00000000     0.00934508     0.42421050    -1.38795912     0.00000000
C2    H3         0.00000000    -0.00000000    -2.44443072     0.29730397    -1.18493195     0.00000000
H4    C1        -0.00000000     0.00000000     2.42882005     0.29517403    -1.15583685     0.00000000
--------------------------------------------------------------------------------------------------------
  
POLARIZATION COMPONENTS OF ATOMIC DIPOLE MOMENTS
---------------------------------------------------
 symbol    x              y              z
-------------------------------------------------
C1        -0.00000000     0.00000000    -0.14193063
C2         0.00000000     0.00000000     0.14344933
H3         0.00000000    -0.00000000     0.11157972
H4         0.00000000    -0.00000000    -0.12043347
---------------------------------------------------
  
  
WEIGHT COEFFICIENTS: RHO(A)/SUM(RHO(A)
----------------------------
BCP              weight
----------------------------
C1    C2         2.35732022
C2    H3         3.36356086
H4    C1         3.38783197
----------------------------
  
  
  
BOND CHARGES
-------------
C1  -C2   -0.02610308
C2  -H3   -0.15044641
H4  -C1    0.10653400
  
BOND DIPOLE MOMENTS
---------------------------------------------------
symbol          x             y              z
---------------------------------------------------
C1        -0.00000000     0.00000000     0.10908042
C2         0.00000000    -0.00000000    -0.22745848
H3        -0.00000000     0.00000000    -0.10406381
H4         0.00000000    -0.00000000     0.07535265
---------------------------------------------------
  
TOTAL ATOMIC DIPOLE MOMENTS
---------------------------------------------------
symbol                x          y              z
---------------------------------------------------
C1            -0.0000         0.0000        -0.0329
C2             0.0000         0.0000        -0.0840
H3             0.0000        -0.0000         0.0075
H4             0.0000        -0.0000        -0.0451
---------------------------------------------------
  
TOTAL MOLECULAR DIPOLE MOMENT
---------------------------------------------------
            x              y              z
---------------------------------------------------
        -0.0000        -0.0000        -0.1544
---------------------------------------------------
  
  
------------------------------------------------------------
  
WORKING ON: zm.sum                                                                                                                                                                                                                                                         
  
ATOMIC COORDINATES (ORTHOGONAL SYSTEM)
-----------------------------------------------------
symbol          x             y              z
-----------------------------------------------------
C1         0.00000000     0.00000000     1.13026788
C2         0.00000000     0.00000000    -1.13026788
H3         0.00000000     0.00000000    -3.13613091
H4         0.00000000     0.00000000     3.13613091
-----------------------------------------------------
  
 NUMBER OF ATOMS:            4
  
ATOMIC NET CHARGES
----------------------
symbol         q(A)  
----------------------
C1        -0.12449644
C2        -0.13279030
H3         0.10638092
H4         0.15029332
----------------------
  
BOND CRITICAL POINTS
---------------------
 rho - Electron density (EF=0)
 delrho - Laplacian of electron density (EF=0)
 elips - Bond ellipticity (EF=0)
  
--------------------------------------------------------------------------------------------------------
BCP              x              y              z              rho            delrho         ellipticity
--------------------------------------------------------------------------------------------------------
C1    C2         0.00000000     0.00000000    -0.00934509     0.42421051    -1.38795915     0.00000000
C2    H3        -0.00000000     0.00000000    -2.42882008     0.29517403    -1.15583690     0.00000000
H4    C1        -0.00000000    -0.00000000     2.44443073     0.29730397    -1.18493199     0.00000000
--------------------------------------------------------------------------------------------------------
  
POLARIZATION COMPONENTS OF ATOMIC DIPOLE MOMENTS
---------------------------------------------------
 symbol    x              y              z
-------------------------------------------------
C1        -0.00000000     0.00000000    -0.14344931
C2         0.00000000     0.00000000     0.14193070
H3        -0.00000000    -0.00000000     0.12043347
H4        -0.00000000    -0.00000000    -0.11157971
---------------------------------------------------
  
  
WEIGHT COEFFICIENTS: RHO(A)/SUM(RHO(A)
----------------------------
BCP              weight
----------------------------
C1    C2         2.35732018
C2    H3         3.38783187
H4    C1         3.36356084
----------------------------
  
  
  
BOND CHARGES
-------------
C1  -C2    0.02610313
C2  -H3   -0.10653404
H4  -C1    0.15044645
  
BOND DIPOLE MOMENTS
---------------------------------------------------
symbol          x             y              z
---------------------------------------------------
C1        -0.00000000    -0.00000000     0.22745860
C2         0.00000000     0.00000000    -0.10908042
H3         0.00000000    -0.00000000    -0.07535268
H4         0.00000000     0.00000000     0.10406383
---------------------------------------------------
  
TOTAL ATOMIC DIPOLE MOMENTS
---------------------------------------------------
symbol                x          y              z
---------------------------------------------------
C1            -0.0000         0.0000         0.0840
C2             0.0000         0.0000         0.0329
H3            -0.0000        -0.0000         0.0451
H4            -0.0000        -0.0000        -0.0075
---------------------------------------------------
  
TOTAL MOLECULAR DIPOLE MOMENT
---------------------------------------------------
            x              y              z
---------------------------------------------------
        -0.0000        -0.0000         0.1544
---------------------------------------------------
  
  
ATOMIC POLARIZABILITY TENSORS (NON-SYMMETRIZED)
---------------------------------------------------------------------------------------------------------
            XX         XY         XZ         YX         YY         YZ         ZX         ZY         ZZ
---------------------------------------------------------------------------------------------------------
C1         7.1946     0.0000     0.0000     0.0000     7.1946     0.0000    -0.0000     0.0000    11.6859
C2         7.1946     0.0000    -0.0000     0.0000     7.1946    -0.0000     0.0000    -0.0000    11.6859
H3         0.8113     0.0000     0.0000     0.0000     0.8113     0.0000    -0.0000    -0.0000     3.7565
H4         0.8113     0.0000    -0.0000     0.0000     0.8113    -0.0000    -0.0000     0.0000     3.7565
---------------------------------------------------------------------------------------------------------
  
MOLECULAR POLARIZABILITY TENSOR (NON-SYMMETRIZED)
        16.0116   0.0000  -0.0000   0.0000  16.0116  -0.0000  -0.0000   0.0000  30.8849
  
 ATOMIC POLARIZABILITY TENSORS
 C1              
   7.1946   0.0000   0.0000
   0.0000   7.1946   0.0000
  -0.0000   0.0000  11.6859
 
 C2              
   7.1946   0.0000  -0.0000
   0.0000   7.1946  -0.0000
   0.0000  -0.0000  11.6859
 
 H3              
   0.8113   0.0000   0.0000
   0.0000   0.8113   0.0000
  -0.0000  -0.0000   3.7565
 
 H4              
   0.8113   0.0000  -0.0000
   0.0000   0.8113  -0.0000
  -0.0000   0.0000   3.7565
 
  
SYMMETRIC PART OF ATOMIC POLARIZABILITY TENSOR
 C1              
   7.1946   0.0000   0.0000
   0.0000   7.1946   0.0000
   0.0000   0.0000  11.6859
 C2              
   7.1946   0.0000  -0.0000
   0.0000   7.1946  -0.0000
  -0.0000  -0.0000  11.6859
 H3              
   0.8113   0.0000   0.0000
   0.0000   0.8113   0.0000
   0.0000   0.0000   3.7565
 H4              
   0.8113   0.0000  -0.0000
   0.0000   0.8113  -0.0000
  -0.0000  -0.0000   3.7565
  
ATOMIC COORDINATES IN ANG (CARTESIAN SYSTEM)
---------------------------------------------------
symbol          x             y              z
---------------------------------------------------
C1         0.00000000     0.00000000     0.59811177
C2         0.00000000     0.00000000    -0.59811177
H3         0.00000000     0.00000000    -1.65956835
H4         0.00000000     0.00000000     1.65956835
---------------------------------------------------
  
ATOMIC POLARIZABILITIES IN ANG^3 (CARTESIAN SYSTEM)
C1  
   1.0661   0.0000   0.0000
   0.0000   1.0661   0.0000
   0.0000   0.0000   1.7317
C2  
   1.0661   0.0000  -0.0000
   0.0000   1.0661  -0.0000
  -0.0000  -0.0000   1.7317
H3  
   0.1202   0.0000   0.0000
   0.0000   0.1202   0.0000
   0.0000   0.0000   0.5567
H4  
   0.1202   0.0000  -0.0000
   0.0000   0.1202  -0.0000
  -0.0000  -0.0000   0.5567
  
DIAGONALIZED ATOMIC POLARIZABILITY TENSORS IN CARTESIAN SYSTEM
---------------------------------------------------------------
 alpha11, alpha22, alpha33 - Diagonal components 
 of diagonalized atomic polarizability tensor
 alphaiso - Isotropic value of atomic polarizability
  
---------------------------------------------------------
ATOM        alpha11     alpha22     alpha33     alphaiso
---------------------------------------------------------
C1           7.195       7.195      11.686        8.692
C2           7.195       7.195      11.686        8.692
H3           0.811       0.811       3.756        1.793
H4           0.811       0.811       3.756        1.793
----------------------------------------------------------
  
ATOMIC PROPERTIES
-----------------
 q(A) - Atom charge (EF=0)
 alpha11, alpha22, alpha33, alpha12, alpha13,
 alpha23 - Tensor components of atomic polarizability
 alphaiso - Isotropic value of atomic polarizability
 Vol - Atomic volume bounded by an isosurface
   of the electron density distribution (0.001 a.u.Isodensity Envelope, EF=0)
  
---------------------------------------------------------------------------------------------------------
Atom         q(A)     alpha11    alpha22    alpha33    alpha12    alpha13    alpha23    alphaiso     Vol
---------------------------------------------------------------------------------------------------------
C1         -0.129      7.195      7.195     11.686      0.000      0.000      0.000      8.692    129.270
C2         -0.129      7.195      7.195     11.686      0.000     -0.000     -0.000      8.692    129.270
H3          0.128      0.811      0.811      3.756      0.000      0.000      0.000      1.793     43.711
H4          0.128      0.811      0.811      3.756      0.000     -0.000     -0.000      1.793     43.711
---------------------------------------------------------------------------------------------------------
  
MOLECULAR POLARIZABILITY TENSOR CARTESIAN SYSTEM
------------------------------------------------------------------------
        XX          YY          ZZ          XY          XZ          YZ
------------------------------------------------------------------------
      16.012      16.012      30.885       0.000      -0.000      -0.000
  
DIAGONALIZED MOLECULAR POLARIZABILITY TENSOR IN CARTESIAN SYSTEM
---------------------------------------------------
     alpha11     alpha22     alpha33      alphaiso 
---------------------------------------------------
      16.012      16.012      30.885       20.969
---------------------------------------------------
------------------------------------------------------------------------
MOLAR VOLUME    345.9618
 
MOLECULAR REFRACTIVE INDEX
         1.2576   1.2576   1.4567
------------------------------------------------------------------------
 
MOLECULAR RELATIVE PERMITTIVITY (dimensionless)
     62.5859
 
For a calculation with polarizable continuum medium in G09 use the following instructions
SCRF=(dipole,dielectric=  62.586,a0= 2.305)
  
BOND PROPERTIES
-----------------
 D(A-B) - Bond lenght of A-B in au
 d1 - Distance between atom A and BCP (EF=0)
 d2 - Distance between BCP and atom B (EF=0)
 d1 + d2 = Bond path (BP)
 rho - Electron density (EF=0)
 delrho - Laplacian of electron density (EF=0)
 elips - Bond ellipticity (EF=0)
 bcharge - Bond charge (EF=0)
 polA - Projection of polarizability of atom A on A-B bond
 polB - Projection of polarizability of atom B on A-B bond
 bondpol = polA + polB
 dipA - Projection of total dipole moment of atom A on A-B bond
 dipB - Projection of total dipole moment of atom B on A-B bond
 bonddip = dipA + dipB
  
---------------------------------------------------------------------------------------------------------------------------------
   A-B        D(A-B)   d1       d2       rho     delrho    elips   bcharge   polA     polB   bondpol    dipA     dipB    bonddip
---------------------------------------------------------------------------------------------------------------------------------
C1   C2       2.261    1.130    1.130    0.424   -1.388    0.000   -0.000   11.686   11.686   23.372    0.025   -0.025    0.000
C2   H3       2.006    1.306    0.664    0.296   -1.170    0.000   -0.129   11.686    3.756   15.442   -0.025    0.026    0.001
H4   C1       2.006    0.664    1.306    0.296   -1.170    0.000    0.129    3.756   11.686   15.442   -0.026    0.025   -0.001
---------------------------------------------------------------------------------------------------------------------------------
